#
# There is insufficient memory for the Java Runtime Environment to continue.
# Native memory allocation (malloc) failed to allocate 411024 bytes. Error detail: Chunk::new
# Possible reasons:
#   The system is out of physical RAM or swap space
#   This process is running with CompressedOops enabled, and the Java Heap may be blocking the growth of the native heap
# Possible solutions:
#   Reduce memory load on the system
#   Increase physical memory or swap space
#   Check if swap backing store is full
#   Decrease Java heap size (-Xmx/-Xms)
#   Decrease number of Java threads
#   Decrease Java thread stack sizes (-Xss)
#   Set larger code cache with -XX:ReservedCodeCacheSize=
#   JVM is running with Unscaled Compressed Oops mode in which the Java heap is
#     placed in the first 4GB address space. The Java Heap base address is the
#     maximum limit for the native heap growth. Please use -XX:HeapBaseMinAddress
#     to set the Java Heap base and to place the Java Heap above 4GB virtual address.
# This output file may be truncated or incomplete.
#
#  Out of Memory Error (arena.cpp:162), pid=7544, tid=4864
#
# JRE version: Java(TM) SE Runtime Environment (24.0.2+12) (build 24.0.2+12-54)
# Java VM: Java HotSpot(TM) 64-Bit Server VM (24.0.2+12-54, mixed mode, sharing, tiered, compressed oops, compressed class ptrs, g1 gc, windows-amd64)
# No core dump will be written. Minidumps are not enabled by default on client versions of Windows
#

---------------  S U M M A R Y ------------

Command Line: -Dfile.encoding=UTF-8 -Dstdout.encoding=UTF-8 -Dstderr.encoding=UTF-8 -XX:+ShowCodeDetailsInExceptionMessages com.klef.fsad.exam.demo.DemoApplication

Host: Intel(R) Core(TM) i5-10310U CPU @ 1.70GHz, 8 cores, 7G,  Windows 11 , 64 bit Build 26100 (10.0.26100.8246)
Time: Sat May  2 19:15:35 2026 India Standard Time elapsed time: 1532.948637 seconds (0d 0h 25m 32s)

---------------  T H R E A D  ---------------

Current thread (0x000001ba5df06140):  JavaThread "C2 CompilerThread0" daemon [_thread_in_native, id=4864, stack(0x0000000e57600000,0x0000000e57700000) (1024K)]


Current CompileTask:
C2:1532949 5923       4       sun.security.util.math.intpoly.IntegerPolynomial$MutableElement::conditionalSwapWith (65 bytes)

Stack: [0x0000000e57600000,0x0000000e57700000]
Native frames: (J=compiled Java code, j=interpreted, Vv=VM code, C=native code)
V  [jvm.dll+0x730829]  (no source info available)
V  [jvm.dll+0x8d9da3]  (no source info available)
V  [jvm.dll+0x8dc28d]  (no source info available)
V  [jvm.dll+0x8dc903]  (no source info available)
V  [jvm.dll+0x2a9f56]  (no source info available)
V  [jvm.dll+0xced7f]  (no source info available)
V  [jvm.dll+0xcefdf]  (no source info available)
V  [jvm.dll+0x154c83]  (no source info available)
V  [jvm.dll+0x73604f]  (no source info available)
V  [jvm.dll+0x26f8dc]  (no source info available)
V  [jvm.dll+0x26e8ff]  (no source info available)
V  [jvm.dll+0x1e9c90]  (no source info available)
V  [jvm.dll+0x27e0cb]  (no source info available)
V  [jvm.dll+0x27c36a]  (no source info available)
V  [jvm.dll+0x42f396]  (no source info available)
V  [jvm.dll+0x87d9eb]  (no source info available)
V  [jvm.dll+0x72ef45]  (no source info available)
C  [ucrtbase.dll+0x37b0]  (no source info available)
C  [KERNEL32.DLL+0x2e8d7]  (no source info available)
C  [ntdll.dll+0x8c3fc]  (no source info available)

Lock stack of current Java thread (top to bottom):


---------------  P R O C E S S  ---------------

Threads class SMR info:
_java_thread_list=0x000001baa5958980, length=30, elements={
0x000001ba5dee85a0, 0x000001ba5dee8ce0, 0x000001ba5deec030, 0x000001ba5deecb60,
0x000001ba5def57d0, 0x000001ba5def8570, 0x000001ba5df06140, 0x000001ba5df0a8f0,
0x000001baa30a8080, 0x000001baa30a8f20, 0x000001baa30a9dc0, 0x000001baa30aac60,
0x000001baa5200530, 0x000001baa5200c80, 0x000001baa5202270, 0x000001baa52013d0,
0x000001baa5201b20, 0x000001baa52029c0, 0x000001baa5203110, 0x000001baa6e183e0,
0x000001baa6e18b30, 0x000001baa6e1a120, 0x000001baa6e17c90, 0x000001baa6e199d0,
0x000001baa6e19280, 0x000001baa6e16df0, 0x000001baa6e17540, 0x000001baa762fb60,
0x000001baa76302b0, 0x000001baa7632e90
}

Java Threads: ( => current thread )
  0x000001ba5dee85a0 JavaThread "Reference Handler"          daemon [_thread_blocked, id=15544, stack(0x0000000e57000000,0x0000000e57100000) (1024K)]
  0x000001ba5dee8ce0 JavaThread "Finalizer"                  daemon [_thread_blocked, id=15384, stack(0x0000000e57100000,0x0000000e57200000) (1024K)]
  0x000001ba5deec030 JavaThread "Signal Dispatcher"          daemon [_thread_blocked, id=13584, stack(0x0000000e57200000,0x0000000e57300000) (1024K)]
  0x000001ba5deecb60 JavaThread "Attach Listener"            daemon [_thread_blocked, id=4260, stack(0x0000000e57300000,0x0000000e57400000) (1024K)]
  0x000001ba5def57d0 JavaThread "Service Thread"             daemon [_thread_blocked, id=14456, stack(0x0000000e57400000,0x0000000e57500000) (1024K)]
  0x000001ba5def8570 JavaThread "Monitor Deflation Thread"   daemon [_thread_blocked, id=10956, stack(0x0000000e57500000,0x0000000e57600000) (1024K)]
=>0x000001ba5df06140 JavaThread "C2 CompilerThread0"         daemon [_thread_in_native, id=4864, stack(0x0000000e57600000,0x0000000e57700000) (1024K)]
  0x000001ba5df0a8f0 JavaThread "C1 CompilerThread0"         daemon [_thread_blocked, id=12896, stack(0x0000000e57700000,0x0000000e57800000) (1024K)]
  0x000001baa30a8080 JavaThread "Notification Thread"        daemon [_thread_blocked, id=10872, stack(0x0000000e57800000,0x0000000e57900000) (1024K)]
  0x000001baa30a8f20 JavaThread "Common-Cleaner"             daemon [_thread_blocked, id=17484, stack(0x0000000e57900000,0x0000000e57a00000) (1024K)]
  0x000001baa30a9dc0 JavaThread "Catalina-utility-1"                [_thread_blocked, id=16316, stack(0x0000000e58400000,0x0000000e58500000) (1024K)]
  0x000001baa30aac60 JavaThread "Catalina-utility-2"                [_thread_blocked, id=7292, stack(0x0000000e58500000,0x0000000e58600000) (1024K)]
  0x000001baa5200530 JavaThread "container-0"                       [_thread_blocked, id=13632, stack(0x0000000e58600000,0x0000000e58700000) (1024K)]
  0x000001baa5200c80 JavaThread "mysql-cj-abandoned-connection-cleanup" daemon [_thread_blocked, id=14528, stack(0x0000000e58700000,0x0000000e58800000) (1024K)]
  0x000001baa5202270 JavaThread "HikariPool-1:housekeeper"   daemon [_thread_blocked, id=15372, stack(0x0000000e57c00000,0x0000000e57d00000) (1024K)]
  0x000001baa52013d0 JavaThread "http-nio-8080-exec-1"       daemon [_thread_blocked, id=8648, stack(0x0000000e58b00000,0x0000000e58c00000) (1024K)]
  0x000001baa5201b20 JavaThread "http-nio-8080-exec-2"       daemon [_thread_blocked, id=12860, stack(0x0000000e58c00000,0x0000000e58d00000) (1024K)]
  0x000001baa52029c0 JavaThread "http-nio-8080-exec-3"       daemon [_thread_blocked, id=3012, stack(0x0000000e58d00000,0x0000000e58e00000) (1024K)]
  0x000001baa5203110 JavaThread "http-nio-8080-exec-4"       daemon [_thread_blocked, id=3284, stack(0x0000000e58e00000,0x0000000e58f00000) (1024K)]
  0x000001baa6e183e0 JavaThread "http-nio-8080-exec-5"       daemon [_thread_blocked, id=14536, stack(0x0000000e58f00000,0x0000000e59000000) (1024K)]
  0x000001baa6e18b30 JavaThread "http-nio-8080-exec-6"       daemon [_thread_blocked, id=13924, stack(0x0000000e59000000,0x0000000e59100000) (1024K)]
  0x000001baa6e1a120 JavaThread "http-nio-8080-exec-7"       daemon [_thread_blocked, id=7616, stack(0x0000000e59100000,0x0000000e59200000) (1024K)]
  0x000001baa6e17c90 JavaThread "http-nio-8080-exec-8"       daemon [_thread_blocked, id=14256, stack(0x0000000e59200000,0x0000000e59300000) (1024K)]
  0x000001baa6e199d0 JavaThread "http-nio-8080-exec-9"       daemon [_thread_blocked, id=18060, stack(0x0000000e59300000,0x0000000e59400000) (1024K)]
  0x000001baa6e19280 JavaThread "http-nio-8080-exec-10"      daemon [_thread_blocked, id=13496, stack(0x0000000e59400000,0x0000000e59500000) (1024K)]
  0x000001baa6e16df0 JavaThread "http-nio-8080-Poller"       daemon [_thread_in_native, id=18032, stack(0x0000000e59500000,0x0000000e59600000) (1024K)]
  0x000001baa6e17540 JavaThread "http-nio-8080-Acceptor"     daemon [_thread_in_native, id=6460, stack(0x0000000e59600000,0x0000000e59700000) (1024K)]
  0x000001baa762fb60 JavaThread "DestroyJavaVM"                     [_thread_blocked, id=15956, stack(0x0000000e56800000,0x0000000e56900000) (1024K)]
  0x000001baa76302b0 JavaThread "HikariPool-1:connection-closer" daemon [_thread_blocked, id=19540, stack(0x0000000e56600000,0x0000000e56700000) (1024K)]
  0x000001baa7632e90 JavaThread "HikariPool-1:connection-adder" daemon [_thread_in_Java, id=20060, stack(0x0000000e56700000,0x0000000e56800000) (1024K)]
Total: 30

Other Threads:
  0x000001ba5ded3e60 VMThread "VM Thread"                           [id=17456, stack(0x0000000e56f00000,0x0000000e57000000) (1024K)]
  0x000001ba5dd86f30 WatcherThread "VM Periodic Task Thread"        [id=3156, stack(0x0000000e56e00000,0x0000000e56f00000) (1024K)]
  0x000001ba4121ebf0 WorkerThread "GC Thread#0"                     [id=2864, stack(0x0000000e56900000,0x0000000e56a00000) (1024K)]
  0x000001baa43d9720 WorkerThread "GC Thread#1"                     [id=4504, stack(0x0000000e57d00000,0x0000000e57e00000) (1024K)]
  0x000001baa42ced30 WorkerThread "GC Thread#2"                     [id=17340, stack(0x0000000e57e00000,0x0000000e57f00000) (1024K)]
  0x000001baa43d1b00 WorkerThread "GC Thread#3"                     [id=12088, stack(0x0000000e57f00000,0x0000000e58000000) (1024K)]
  0x000001baa4526f30 WorkerThread "GC Thread#4"                     [id=17976, stack(0x0000000e58000000,0x0000000e58100000) (1024K)]
  0x000001baa452a380 WorkerThread "GC Thread#5"                     [id=17576, stack(0x0000000e58100000,0x0000000e58200000) (1024K)]
  0x000001baa452af40 WorkerThread "GC Thread#6"                     [id=13384, stack(0x0000000e58200000,0x0000000e58300000) (1024K)]
  0x000001baa46f3f70 WorkerThread "GC Thread#7"                     [id=16132, stack(0x0000000e58300000,0x0000000e58400000) (1024K)]
  0x000001ba41234a10 ConcurrentGCThread "G1 Main Marker"            [id=13076, stack(0x0000000e56a00000,0x0000000e56b00000) (1024K)]
  0x000001ba41235520 WorkerThread "G1 Conc#0"                       [id=17820, stack(0x0000000e56b00000,0x0000000e56c00000) (1024K)]
  0x000001baa43933b0 WorkerThread "G1 Conc#1"                       [id=2952, stack(0x0000000e57a00000,0x0000000e57b00000) (1024K)]
  0x000001ba5dd79e30 ConcurrentGCThread "G1 Refine#0"               [id=4836, stack(0x0000000e56c00000,0x0000000e56d00000) (1024K)]
  0x000001ba5dd7a8c0 ConcurrentGCThread "G1 Service"                [id=11640, stack(0x0000000e56d00000,0x0000000e56e00000) (1024K)]
Total: 15

Threads with active compile tasks:
C2 CompilerThread0  1533178 5923       4       sun.security.util.math.intpoly.IntegerPolynomial$MutableElement::conditionalSwapWith (65 bytes)
Total: 1

VM state: not at safepoint (normal execution)

VM Mutex/Monitor currently owned by a thread: None

Heap address: 0x0000000083800000, size: 1992 MB, Compressed Oops mode: 32-bit

CDS archive(s) mapped at: [0x000001ba5e000000-0x000001ba5ed40000-0x000001ba5ed40000), size 13893632, SharedBaseAddress: 0x000001ba5e000000, ArchiveRelocationMode: 1.
Compressed class space mapped at: 0x000001ba5f000000-0x000001ba9f000000, reserved size: 1073741824
UseCompressedClassPointers 1, UseCompactObjectHeaders 0
Narrow klass pointer bits 32, Max shift 3
Narrow klass base: 0x000001ba5e000000, Narrow klass shift: 0
Encoding Range: [0x000001ba5e000000 - 0x000001bb5e000000), (4294967296 bytes)
Klass Range:    [0x000001ba5e000000 - 0x000001ba9f000000), (1090519040 bytes)
Klass ID Range:  [8 - 1090519033) (1090519025)

GC Precious Log:
 CardTable entry size: 512
 Card Set container configuration: InlinePtr #cards 5 size 8 Array Of Cards #cards 10 size 36 Howl #buckets 4 coarsen threshold 1843 Howl Bitmap #cards 512 size 80 coarsen threshold 460 Card regions per heap region 1 cards per card region 2048
 CPUs: 8 total, 8 available
 Memory: 7965M
 Large Page Support: Disabled
 NUMA Support: Disabled
 Compressed Oops: Enabled (32-bit)
 Heap Region Size: 1M
 Heap Min Capacity: 8M
 Heap Initial Capacity: 126M
 Heap Max Capacity: 1992M
 Pre-touch: Disabled
 Parallel Workers: 8
 Concurrent Workers: 2
 Concurrent Refinement Workers: 8
 Periodic GC: Disabled

Heap:
 garbage-first heap   total reserved 2039808K, committed 64512K, used 36137K [0x0000000083800000, 0x0000000100000000)
  region size 1024K, 10 young (10240K), 1 survivors (1024K)
 Metaspace       used 61934K, committed 62464K, reserved 1114112K
  class space    used 6592K, committed 6848K, reserved 1048576K

Heap Regions: E=young(eden), S=young(survivor), O=old, HS=humongous(starts), HC=humongous(continues), CS=collection set, F=free, TAMS=top-at-mark-start, PB=parsable bottom
|   0|0x0000000083800000, 0x0000000083900000, 0x0000000083900000|100%|HS|  |TAMS 0x0000000083800000| PB 0x0000000083800000| Complete |  0
|   1|0x0000000083900000, 0x0000000083a00000, 0x0000000083a00000|100%|HS|  |TAMS 0x0000000083900000| PB 0x0000000083900000| Complete |  0
|   2|0x0000000083a00000, 0x0000000083b00000, 0x0000000083b00000|100%| O|  |TAMS 0x0000000083a00000| PB 0x0000000083a00000| Untracked |  0
|   3|0x0000000083b00000, 0x0000000083c00000, 0x0000000083c00000|100%| O|  |TAMS 0x0000000083b00000| PB 0x0000000083b00000| Untracked |  0
|   4|0x0000000083c00000, 0x0000000083d00000, 0x0000000083d00000|100%| O|  |TAMS 0x0000000083c00000| PB 0x0000000083c00000| Untracked |  0
|   5|0x0000000083d00000, 0x0000000083e00000, 0x0000000083e00000|100%| O|  |TAMS 0x0000000083d00000| PB 0x0000000083d00000| Untracked |  0
|   6|0x0000000083e00000, 0x0000000083f00000, 0x0000000083f00000|100%| O|  |TAMS 0x0000000083e00000| PB 0x0000000083e00000| Untracked |  0
|   7|0x0000000083f00000, 0x0000000084000000, 0x0000000084000000|100%| O|  |TAMS 0x0000000083f00000| PB 0x0000000083f00000| Untracked |  0
|   8|0x0000000084000000, 0x0000000084100000, 0x0000000084100000|100%| O|  |TAMS 0x0000000084000000| PB 0x0000000084000000| Untracked |  0
|   9|0x0000000084100000, 0x0000000084200000, 0x0000000084200000|100%| O|  |TAMS 0x0000000084100000| PB 0x0000000084100000| Untracked |  0
|  10|0x0000000084200000, 0x0000000084300000, 0x0000000084300000|100%| O|  |TAMS 0x0000000084200000| PB 0x0000000084200000| Untracked |  0
|  11|0x0000000084300000, 0x0000000084400000, 0x0000000084400000|100%| O|  |TAMS 0x0000000084300000| PB 0x0000000084300000| Untracked |  0
|  12|0x0000000084400000, 0x0000000084500000, 0x0000000084500000|100%| O|Cm|TAMS 0x0000000084400000| PB 0x0000000084400000| Complete |  0
|  13|0x0000000084500000, 0x0000000084600000, 0x0000000084600000|100%| O|  |TAMS 0x0000000084500000| PB 0x0000000084500000| Untracked |  0
|  14|0x0000000084600000, 0x0000000084700000, 0x0000000084700000|100%| O|  |TAMS 0x0000000084600000| PB 0x0000000084600000| Untracked |  0
|  15|0x0000000084700000, 0x0000000084800000, 0x0000000084800000|100%| O|Cm|TAMS 0x0000000084700000| PB 0x0000000084700000| Complete |  0
|  16|0x0000000084800000, 0x0000000084900000, 0x0000000084900000|100%| O|  |TAMS 0x0000000084800000| PB 0x0000000084800000| Untracked |  0
|  17|0x0000000084900000, 0x0000000084a00000, 0x0000000084a00000|100%| O|  |TAMS 0x0000000084900000| PB 0x0000000084900000| Untracked |  0
|  18|0x0000000084a00000, 0x0000000084b00000, 0x0000000084b00000|100%| O|  |TAMS 0x0000000084a00000| PB 0x0000000084a00000| Untracked |  0
|  19|0x0000000084b00000, 0x0000000084c00000, 0x0000000084c00000|100%| O|  |TAMS 0x0000000084b00000| PB 0x0000000084b00000| Untracked |  0
|  20|0x0000000084c00000, 0x0000000084d00000, 0x0000000084d00000|100%| O|  |TAMS 0x0000000084c00000| PB 0x0000000084c00000| Untracked |  0
|  21|0x0000000084d00000, 0x0000000084e00000, 0x0000000084e00000|100%| O|  |TAMS 0x0000000084d00000| PB 0x0000000084d00000| Untracked |  0
|  22|0x0000000084e00000, 0x0000000084ea6ab0, 0x0000000084f00000| 65%| O|  |TAMS 0x0000000084e00000| PB 0x0000000084e00000| Untracked |  0
|  23|0x0000000084f00000, 0x0000000084f00000, 0x0000000085000000|  0%| F|  |TAMS 0x0000000084f00000| PB 0x0000000084f00000| Untracked |  0
|  24|0x0000000085000000, 0x0000000085000000, 0x0000000085100000|  0%| F|  |TAMS 0x0000000085000000| PB 0x0000000085000000| Untracked |  0
|  25|0x0000000085100000, 0x0000000085100000, 0x0000000085200000|  0%| F|  |TAMS 0x0000000085100000| PB 0x0000000085100000| Untracked |  0
|  26|0x0000000085200000, 0x0000000085200000, 0x0000000085300000|  0%| F|  |TAMS 0x0000000085200000| PB 0x0000000085200000| Untracked |  0
|  27|0x0000000085300000, 0x0000000085300000, 0x0000000085400000|  0%| F|  |TAMS 0x0000000085300000| PB 0x0000000085300000| Untracked |  0
|  28|0x0000000085400000, 0x0000000085400000, 0x0000000085500000|  0%| F|  |TAMS 0x0000000085400000| PB 0x0000000085400000| Untracked |  0
|  29|0x0000000085500000, 0x0000000085500000, 0x0000000085600000|  0%| F|  |TAMS 0x0000000085500000| PB 0x0000000085500000| Untracked |  0
|  30|0x0000000085600000, 0x0000000085600000, 0x0000000085700000|  0%| F|  |TAMS 0x0000000085600000| PB 0x0000000085600000| Untracked |  0
|  31|0x0000000085700000, 0x0000000085700000, 0x0000000085800000|  0%| F|  |TAMS 0x0000000085700000| PB 0x0000000085700000| Untracked |  0
|  32|0x0000000085800000, 0x0000000085800000, 0x0000000085900000|  0%| F|  |TAMS 0x0000000085800000| PB 0x0000000085800000| Untracked |  0
|  33|0x0000000085900000, 0x0000000085900000, 0x0000000085a00000|  0%| F|  |TAMS 0x0000000085900000| PB 0x0000000085900000| Untracked |  0
|  34|0x0000000085a00000, 0x0000000085a00000, 0x0000000085b00000|  0%| F|  |TAMS 0x0000000085a00000| PB 0x0000000085a00000| Untracked |  0
|  35|0x0000000085b00000, 0x0000000085b00000, 0x0000000085c00000|  0%| F|  |TAMS 0x0000000085b00000| PB 0x0000000085b00000| Untracked |  0
|  36|0x0000000085c00000, 0x0000000085c00000, 0x0000000085d00000|  0%| F|  |TAMS 0x0000000085c00000| PB 0x0000000085c00000| Untracked |  0
|  37|0x0000000085d00000, 0x0000000085d00000, 0x0000000085e00000|  0%| F|  |TAMS 0x0000000085d00000| PB 0x0000000085d00000| Untracked |  0
|  38|0x0000000085e00000, 0x0000000085e00000, 0x0000000085f00000|  0%| F|  |TAMS 0x0000000085e00000| PB 0x0000000085e00000| Untracked |  0
|  39|0x0000000085f00000, 0x0000000085f00000, 0x0000000086000000|  0%| F|  |TAMS 0x0000000085f00000| PB 0x0000000085f00000| Untracked |  0
|  40|0x0000000086000000, 0x0000000086000000, 0x0000000086100000|  0%| F|  |TAMS 0x0000000086000000| PB 0x0000000086000000| Untracked |  0
|  41|0x0000000086100000, 0x0000000086100000, 0x0000000086200000|  0%| F|  |TAMS 0x0000000086100000| PB 0x0000000086100000| Untracked |  0
|  42|0x0000000086200000, 0x0000000086200000, 0x0000000086300000|  0%| F|  |TAMS 0x0000000086200000| PB 0x0000000086200000| Untracked |  0
|  43|0x0000000086300000, 0x0000000086300000, 0x0000000086400000|  0%| F|  |TAMS 0x0000000086300000| PB 0x0000000086300000| Untracked |  0
|  44|0x0000000086400000, 0x0000000086400000, 0x0000000086500000|  0%| F|  |TAMS 0x0000000086400000| PB 0x0000000086400000| Untracked |  0
|  45|0x0000000086500000, 0x0000000086500000, 0x0000000086600000|  0%| F|  |TAMS 0x0000000086500000| PB 0x0000000086500000| Untracked |  0
|  46|0x0000000086600000, 0x0000000086600000, 0x0000000086700000|  0%| F|  |TAMS 0x0000000086600000| PB 0x0000000086600000| Untracked |  0
|  47|0x0000000086700000, 0x0000000086700000, 0x0000000086800000|  0%| F|  |TAMS 0x0000000086700000| PB 0x0000000086700000| Untracked |  0
|  48|0x0000000086800000, 0x00000000868217c8, 0x0000000086900000| 13%| E|  |TAMS 0x0000000086800000| PB 0x0000000086800000| Complete |  0
|  49|0x0000000086900000, 0x0000000086a00000, 0x0000000086a00000|100%| E|CS|TAMS 0x0000000086900000| PB 0x0000000086900000| Complete |  0
|  82|0x0000000088a00000, 0x0000000088b00000, 0x0000000088b00000|100%| E|CS|TAMS 0x0000000088a00000| PB 0x0000000088a00000| Complete |  0
|  83|0x0000000088b00000, 0x0000000088c00000, 0x0000000088c00000|100%| E|CS|TAMS 0x0000000088b00000| PB 0x0000000088b00000| Complete |  0
|  84|0x0000000088c00000, 0x0000000088d00000, 0x0000000088d00000|100%| E|CS|TAMS 0x0000000088c00000| PB 0x0000000088c00000| Complete |  0
|  85|0x0000000088d00000, 0x0000000088da3bc0, 0x0000000088e00000| 63%| S|CS|TAMS 0x0000000088d00000| PB 0x0000000088d00000| Complete |  0
|  86|0x0000000088e00000, 0x0000000088f00000, 0x0000000088f00000|100%| E|CS|TAMS 0x0000000088e00000| PB 0x0000000088e00000| Complete |  0
| 125|0x000000008b500000, 0x000000008b600000, 0x000000008b600000|100%| E|  |TAMS 0x000000008b500000| PB 0x000000008b500000| Complete |  0
|1985|0x00000000ff900000, 0x00000000ffa00000, 0x00000000ffa00000|100%| E|CS|TAMS 0x00000000ff900000| PB 0x00000000ff900000| Complete |  0
|1986|0x00000000ffa00000, 0x00000000ffb00000, 0x00000000ffb00000|100%| O|  |TAMS 0x00000000ffa00000| PB 0x00000000ffa00000| Untracked |  0
|1987|0x00000000ffb00000, 0x00000000ffc00000, 0x00000000ffc00000|100%| O|  |TAMS 0x00000000ffb00000| PB 0x00000000ffb00000| Untracked |  0
|1988|0x00000000ffc00000, 0x00000000ffd00000, 0x00000000ffd00000|100%| O|  |TAMS 0x00000000ffc00000| PB 0x00000000ffc00000| Untracked |  0
|1989|0x00000000ffd00000, 0x00000000ffe00000, 0x00000000ffe00000|100%| O|  |TAMS 0x00000000ffd00000| PB 0x00000000ffd00000| Untracked |  0
|1990|0x00000000ffe00000, 0x00000000fff00000, 0x00000000fff00000|100%| O|  |TAMS 0x00000000ffe00000| PB 0x00000000ffe00000| Untracked |  0
|1991|0x00000000fff00000, 0x0000000100000000, 0x0000000100000000|100%| E|CS|TAMS 0x00000000fff00000| PB 0x00000000fff00000| Complete |  0

Card table byte_map: [0x000001ba59170000,0x000001ba59560000] _byte_map_base: 0x000001ba58d54000

Marking Bits: (CMBitMap*) 0x000001ba4121f300
 Bits: [0x000001ba59560000, 0x000001ba5b480000)

Polling page: 0x000001ba3f150000

Metaspace:

Usage:
  Non-class:     54.05 MB used.
      Class:      6.44 MB used.
       Both:     60.48 MB used.

Virtual space:
  Non-class space:       64.00 MB reserved,      54.31 MB ( 85%) committed,  1 nodes.
      Class space:        1.00 GB reserved,       6.69 MB ( <1%) committed,  1 nodes.
             Both:        1.06 GB reserved,      61.00 MB (  6%) committed. 

Chunk freelists:
   Non-Class:  8.81 MB
       Class:  9.16 MB
        Both:  17.97 MB

MaxMetaspaceSize: unlimited
CompressedClassSpaceSize: 1.00 GB
Initial GC threshold: 21.00 MB
Current GC threshold: 98.38 MB
CDS: on
 - commit_granule_bytes: 65536.
 - commit_granule_words: 8192.
 - virtual_space_node_default_size: 8388608.
 - enlarge_chunks_in_place: 1.
UseCompressedClassPointers 1, UseCompactObjectHeaders 0
Narrow klass pointer bits 32, Max shift 3
Narrow klass base: 0x000001ba5e000000, Narrow klass shift: 0
Encoding Range: [0x000001ba5e000000 - 0x000001bb5e000000), (4294967296 bytes)
Klass Range:    [0x000001ba5e000000 - 0x000001ba9f000000), (1090519040 bytes)
Klass ID Range:  [8 - 1090519033) (1090519025)


Internal statistics:

num_allocs_failed_limit: 9.
num_arena_births: 644.
num_arena_deaths: 0.
num_vsnodes_births: 2.
num_vsnodes_deaths: 0.
num_space_committed: 976.
num_space_uncommitted: 0.
num_chunks_returned_to_freelist: 9.
num_chunks_taken_from_freelist: 2683.
num_chunk_merges: 9.
num_chunk_splits: 1933.
num_chunks_enlarged: 1573.
num_inconsistent_stats: 0.

CodeHeap 'non-profiled nmethods': size=120064Kb used=2849Kb max_used=2882Kb free=117214Kb
 bounds [0x000001ba51510000, 0x000001ba517f0000, 0x000001ba58a50000]
CodeHeap 'profiled nmethods': size=120000Kb used=8866Kb max_used=9114Kb free=111133Kb
 bounds [0x000001ba49a50000, 0x000001ba4a340000, 0x000001ba50f80000]
CodeHeap 'non-nmethods': size=5696Kb used=1524Kb max_used=1582Kb free=4171Kb
 bounds [0x000001ba50f80000, 0x000001ba511f0000, 0x000001ba51510000]
CodeCache: size=245760Kb, used=13239Kb, max_used=13578Kb, free=232518Kb
 total_blobs=5942, nmethods=5261, adapters=585, full_count=0
Compilation: enabled, stopped_count=0, restarted_count=0

Compilation events (20 events):
Event: 1531.128 Thread 0x000001ba5df0a8f0 nmethod 5913 0x000001ba5163ab08 code [0x000001ba5163ac00, 0x000001ba5163acc8]
Event: 1532.001 Thread 0x000001ba5df0a8f0 5914       1       java.lang.Module::getName (5 bytes)
Event: 1532.002 Thread 0x000001ba5df0a8f0 nmethod 5914 0x000001ba5163a808 code [0x000001ba5163a900, 0x000001ba5163a9c8]
Event: 1532.058 Thread 0x000001ba5df0a8f0 5915       3       com.mysql.cj.conf.IntegerPropertyDefinition::isRangeBased (17 bytes)
Event: 1532.058 Thread 0x000001ba5df0a8f0 nmethod 5915 0x000001ba49ea5408 code [0x000001ba49ea5520, 0x000001ba49ea57a0]
Event: 1532.059 Thread 0x000001ba5df0a8f0 5916       3       com.mysql.cj.conf.IntegerProperty::checkRange (11 bytes)
Event: 1532.059 Thread 0x000001ba5df0a8f0 nmethod 5916 0x000001ba49e91908 code [0x000001ba49e91a20, 0x000001ba49e91cb8]
Event: 1532.059 Thread 0x000001ba5df0a8f0 5917       3       com.mysql.cj.conf.IntegerProperty::checkRange (132 bytes)
Event: 1532.065 Thread 0x000001ba5df0a8f0 nmethod 5917 0x000001ba49fd7088 code [0x000001ba49fd7380, 0x000001ba49fd9218]
Event: 1532.093 Thread 0x000001ba5df0a8f0 5918       3       java.lang.ModuleLayer::boot (4 bytes)
Event: 1532.093 Thread 0x000001ba5df0a8f0 nmethod 5918 0x000001ba4a08c588 code [0x000001ba4a08c6a0, 0x000001ba4a08c798]
Event: 1532.580 Thread 0x000001ba5df06140 5919       4       java.util.Arrays::fill (21 bytes)
Event: 1532.588 Thread 0x000001ba5df06140 nmethod 5919 0x000001ba5163a508 code [0x000001ba5163a600, 0x000001ba5163a760]
Event: 1532.796 Thread 0x000001ba5df0a8f0 5920       3       java.util.Arrays$ArrayList::indexOf (62 bytes)
Event: 1532.797 Thread 0x000001ba5df0a8f0 nmethod 5920 0x000001ba49dd4608 code [0x000001ba49dd4760, 0x000001ba49dd4ba0]
Event: 1532.855 Thread 0x000001ba5df0a8f0 5921       3       sun.security.ssl.SignatureScheme::isPermitted (92 bytes)
Event: 1532.858 Thread 0x000001ba5df0a8f0 nmethod 5921 0x000001ba4a07d988 code [0x000001ba4a07db00, 0x000001ba4a07e0d0]
Event: 1532.911 Thread 0x000001ba5df06140 5922       4       sun.security.ec.XECOperations::cswap (9 bytes)
Event: 1532.930 Thread 0x000001ba5df06140 nmethod 5922 0x000001ba5163a088 code [0x000001ba5163a1a0, 0x000001ba5163a4b0]
Event: 1532.930 Thread 0x000001ba5df06140 5923       4       sun.security.util.math.intpoly.IntegerPolynomial$MutableElement::conditionalSwapWith (65 bytes)

GC Heap History (18 events):
Event: 2.394 GC heap before
{Heap before GC invocations=0 (full 0):
 garbage-first heap   total reserved 2039808K, committed 131072K, used 51316K [0x0000000083800000, 0x0000000100000000)
  region size 1024K, 47 young (48128K), 0 survivors (0K)
 Metaspace       used 12943K, committed 13248K, reserved 1114112K
  class space    used 1286K, committed 1408K, reserved 1048576K
}
Event: 2.407 GC heap after
{Heap after GC invocations=1 (full 0):
 garbage-first heap   total reserved 2039808K, committed 131072K, used 10293K [0x0000000083800000, 0x0000000100000000)
  region size 1024K, 6 young (6144K), 6 survivors (6144K)
 Metaspace       used 12943K, committed 13248K, reserved 1114112K
  class space    used 1286K, committed 1408K, reserved 1048576K
}
Event: 3.876 GC heap before
{Heap before GC invocations=1 (full 0):
 garbage-first heap   total reserved 2039808K, committed 131072K, used 49205K [0x0000000083800000, 0x0000000100000000)
  region size 1024K, 45 young (46080K), 6 survivors (6144K)
 Metaspace       used 21233K, committed 21504K, reserved 1114112K
  class space    used 2078K, committed 2240K, reserved 1048576K
}
Event: 3.895 GC heap after
{Heap after GC invocations=2 (full 0):
 garbage-first heap   total reserved 2039808K, committed 131072K, used 15476K [0x0000000083800000, 0x0000000100000000)
  region size 1024K, 5 young (5120K), 5 survivors (5120K)
 Metaspace       used 21233K, committed 21504K, reserved 1114112K
  class space    used 2078K, committed 2240K, reserved 1048576K
}
Event: 5.750 GC heap before
{Heap before GC invocations=3 (full 0):
 garbage-first heap   total reserved 2039808K, committed 55296K, used 54388K [0x0000000083800000, 0x0000000100000000)
  region size 1024K, 43 young (44032K), 5 survivors (5120K)
 Metaspace       used 28285K, committed 28608K, reserved 1114112K
  class space    used 2893K, committed 3008K, reserved 1048576K
}
Event: 5.782 GC heap after
{Heap after GC invocations=4 (full 0):
 garbage-first heap   total reserved 2039808K, committed 64512K, used 19235K [0x0000000083800000, 0x0000000100000000)
  region size 1024K, 4 young (4096K), 4 survivors (4096K)
 Metaspace       used 28285K, committed 28608K, reserved 1114112K
  class space    used 2893K, committed 3008K, reserved 1048576K
}
Event: 7.388 GC heap before
{Heap before GC invocations=4 (full 0):
 garbage-first heap   total reserved 2039808K, committed 64512K, used 45859K [0x0000000083800000, 0x0000000100000000)
  region size 1024K, 30 young (30720K), 4 survivors (4096K)
 Metaspace       used 34673K, committed 35072K, reserved 1114112K
  class space    used 3593K, committed 3776K, reserved 1048576K
}
Event: 7.397 GC heap after
{Heap after GC invocations=5 (full 0):
 garbage-first heap   total reserved 2039808K, committed 64512K, used 21013K [0x0000000083800000, 0x0000000100000000)
  region size 1024K, 3 young (3072K), 3 survivors (3072K)
 Metaspace       used 34673K, committed 35072K, reserved 1114112K
  class space    used 3593K, committed 3776K, reserved 1048576K
}
Event: 7.676 GC heap before
{Heap before GC invocations=5 (full 0):
 garbage-first heap   total reserved 2039808K, committed 64512K, used 24085K [0x0000000083800000, 0x0000000100000000)
  region size 1024K, 7 young (7168K), 3 survivors (3072K)
 Metaspace       used 35505K, committed 35968K, reserved 1114112K
  class space    used 3727K, committed 3904K, reserved 1048576K
}
Event: 7.682 GC heap after
{Heap after GC invocations=6 (full 0):
 garbage-first heap   total reserved 2039808K, committed 64512K, used 21313K [0x0000000083800000, 0x0000000100000000)
  region size 1024K, 3 young (3072K), 3 survivors (3072K)
 Metaspace       used 35505K, committed 35968K, reserved 1114112K
  class space    used 3727K, committed 3904K, reserved 1048576K
}
Event: 10.663 GC heap before
{Heap before GC invocations=7 (full 0):
 garbage-first heap   total reserved 2039808K, committed 64512K, used 47937K [0x0000000083800000, 0x0000000100000000)
  region size 1024K, 30 young (30720K), 3 survivors (3072K)
 Metaspace       used 46697K, committed 47168K, reserved 1114112K
  class space    used 4884K, committed 5120K, reserved 1048576K
}
Event: 10.673 GC heap after
{Heap after GC invocations=8 (full 0):
 garbage-first heap   total reserved 2039808K, committed 64512K, used 24204K [0x0000000083800000, 0x0000000100000000)
  region size 1024K, 4 young (4096K), 4 survivors (4096K)
 Metaspace       used 46697K, committed 47168K, reserved 1114112K
  class space    used 4884K, committed 5120K, reserved 1048576K
}
Event: 12.301 GC heap before
{Heap before GC invocations=8 (full 0):
 garbage-first heap   total reserved 2039808K, committed 64512K, used 49804K [0x0000000083800000, 0x0000000100000000)
  region size 1024K, 30 young (30720K), 4 survivors (4096K)
 Metaspace       used 54545K, committed 55040K, reserved 1114112K
  class space    used 5672K, committed 5888K, reserved 1048576K
}
Event: 12.311 GC heap after
{Heap after GC invocations=9 (full 0):
 garbage-first heap   total reserved 2039808K, committed 64512K, used 25950K [0x0000000083800000, 0x0000000100000000)
  region size 1024K, 2 young (2048K), 2 survivors (2048K)
 Metaspace       used 54545K, committed 55040K, reserved 1114112K
  class space    used 5672K, committed 5888K, reserved 1048576K
}
Event: 13.548 GC heap before
{Heap before GC invocations=9 (full 0):
 garbage-first heap   total reserved 2039808K, committed 64512K, used 52574K [0x0000000083800000, 0x0000000100000000)
  region size 1024K, 29 young (29696K), 2 survivors (2048K)
 Metaspace       used 58689K, committed 59200K, reserved 1114112K
  class space    used 6246K, committed 6464K, reserved 1048576K
}
Event: 13.556 GC heap after
{Heap after GC invocations=10 (full 0):
 garbage-first heap   total reserved 2039808K, committed 64512K, used 28320K [0x0000000083800000, 0x0000000100000000)
  region size 1024K, 4 young (4096K), 4 survivors (4096K)
 Metaspace       used 58689K, committed 59200K, reserved 1114112K
  class space    used 6246K, committed 6464K, reserved 1048576K
}
Event: 80.283 GC heap before
{Heap before GC invocations=10 (full 0):
 garbage-first heap   total reserved 2039808K, committed 64512K, used 31392K [0x0000000083800000, 0x0000000100000000)
  region size 1024K, 8 young (8192K), 4 survivors (4096K)
 Metaspace       used 59750K, committed 60160K, reserved 1114112K
  class space    used 6360K, committed 6528K, reserved 1048576K
}
Event: 80.290 GC heap after
{Heap after GC invocations=11 (full 0):
 garbage-first heap   total reserved 2039808K, committed 64512K, used 28969K [0x0000000083800000, 0x0000000100000000)
  region size 1024K, 1 young (1024K), 1 survivors (1024K)
 Metaspace       used 59750K, committed 60160K, reserved 1114112K
  class space    used 6360K, committed 6528K, reserved 1048576K
}

Dll operation events (10 events):
Event: 0.021 Loaded shared library C:\Program Files\Java\jdk-24\bin\java.dll
Event: 0.075 Loaded shared library C:\Program Files\Java\jdk-24\bin\jsvml.dll
Event: 0.167 Loaded shared library C:\Program Files\Java\jdk-24\bin\net.dll
Event: 0.171 Loaded shared library C:\Program Files\Java\jdk-24\bin\nio.dll
Event: 0.176 Loaded shared library C:\Program Files\Java\jdk-24\bin\zip.dll
Event: 0.354 Loaded shared library C:\Program Files\Java\jdk-24\bin\jimage.dll
Event: 2.786 Loaded shared library C:\Program Files\Java\jdk-24\bin\sunmscapi.dll
Event: 5.684 Loaded shared library C:\Program Files\Java\jdk-24\bin\management.dll
Event: 5.690 Loaded shared library C:\Program Files\Java\jdk-24\bin\management_ext.dll
Event: 9.249 Loaded shared library C:\Program Files\Java\jdk-24\bin\extnet.dll

Deoptimization events (20 events):
Event: 80.625 Thread 0x000001baa52013d0 Uncommon trap: trap_request=0xffffff4d fr.pc=0x000001ba51776134 relative=0x0000000000000414
Event: 80.625 Thread 0x000001baa52013d0 Uncommon trap: reason=unstable_if action=reinterpret pc=0x000001ba51776134 method=java.util.Arrays$ArrayList.indexOf(Ljava/lang/Object;)I @ 6 c2
Event: 80.625 Thread 0x000001baa52013d0 DEOPT PACKING pc=0x000001ba51776134 sp=0x0000000e58bfd8b0
Event: 80.625 Thread 0x000001baa52013d0 DEOPT UNPACKING pc=0x000001ba51097c02 sp=0x0000000e58bfd840 mode 2
Event: 80.721 Thread 0x000001baa52013d0 Uncommon trap: trap_request=0xffffff66 fr.pc=0x000001ba5165a7d0 relative=0x00000000000004f0
Event: 80.721 Thread 0x000001baa52013d0 Uncommon trap: reason=speculate_class_check action=maybe_recompile pc=0x000001ba5165a7d0 method=java.lang.String.<init>(Ljava/lang/AbstractStringBuilder;Ljava/lang/Void;)V @ 10 c2
Event: 80.721 Thread 0x000001baa52013d0 DEOPT PACKING pc=0x000001ba5165a7d0 sp=0x0000000e58bfd6e0
Event: 80.721 Thread 0x000001baa52013d0 DEOPT UNPACKING pc=0x000001ba51097c02 sp=0x0000000e58bfd6b0 mode 2
Event: 548.747 Thread 0x000001baa6e183e0 Uncommon trap: trap_request=0xffffffc6 fr.pc=0x000001ba51738224 relative=0x0000000000000084
Event: 548.747 Thread 0x000001baa6e183e0 Uncommon trap: reason=bimorphic_or_optimized_type_check action=maybe_recompile pc=0x000001ba51738224 method=java.lang.CharSequence.isEmpty()Z @ 1 c2
Event: 548.747 Thread 0x000001baa6e183e0 DEOPT PACKING pc=0x000001ba51738224 sp=0x0000000e58ffeaa0
Event: 548.747 Thread 0x000001baa6e183e0 DEOPT UNPACKING pc=0x000001ba51097c02 sp=0x0000000e58ffea40 mode 2
Event: 548.775 Thread 0x000001baa6e183e0 Uncommon trap: trap_request=0xffffffc6 fr.pc=0x000001ba51738224 relative=0x0000000000000084
Event: 548.775 Thread 0x000001baa6e183e0 Uncommon trap: reason=bimorphic_or_optimized_type_check action=maybe_recompile pc=0x000001ba51738224 method=java.lang.CharSequence.isEmpty()Z @ 1 c2
Event: 548.775 Thread 0x000001baa6e183e0 DEOPT PACKING pc=0x000001ba51738224 sp=0x0000000e58ffe8a0
Event: 548.775 Thread 0x000001baa6e183e0 DEOPT UNPACKING pc=0x000001ba51097c02 sp=0x0000000e58ffe840 mode 2
Event: 1530.536 Thread 0x000001baa5202270 Uncommon trap: trap_request=0xffffff4d fr.pc=0x000001ba51517ae0 relative=0x0000000000000160
Event: 1530.555 Thread 0x000001baa5202270 Uncommon trap: reason=unstable_if action=reinterpret pc=0x000001ba51517ae0 method=java.lang.StringCoding.countPositives([BII)I @ 17 c2
Event: 1530.555 Thread 0x000001baa5202270 DEOPT PACKING pc=0x000001ba51517ae0 sp=0x0000000e57cfeae0
Event: 1530.557 Thread 0x000001baa5202270 DEOPT UNPACKING pc=0x000001ba51097c02 sp=0x0000000e57cfea68 mode 2

Classes loaded (20 events):
Event: 80.549 Loading class java/util/stream/ReduceOps$6ReducingSink
Event: 80.550 Loading class java/util/stream/ReduceOps$6ReducingSink done
Event: 80.550 Loading class java/util/stream/ReferencePipeline$4$1
Event: 80.550 Loading class java/util/stream/ReferencePipeline$4$1 done
Event: 80.550 Loading class java/util/OptionalInt
Event: 80.550 Loading class java/util/OptionalInt done
Event: 80.697 Loading class java/util/OptionalLong
Event: 80.698 Loading class java/util/OptionalLong done
Event: 80.698 Loading class java/util/OptionalDouble
Event: 80.698 Loading class java/util/OptionalDouble done
Event: 80.732 Loading class sun/nio/cs/ISO_8859_1$Encoder
Event: 80.732 Loading class sun/nio/cs/ISO_8859_1$Encoder done
Event: 1531.313 Loading class sun/security/ssl/Alert
Event: 1531.839 Loading class sun/security/ssl/Alert done
Event: 1531.922 Loading class sun/security/ssl/Alert$AlertConsumer
Event: 1531.971 Loading class sun/security/ssl/Alert$AlertConsumer done
Event: 1531.971 Loading class sun/security/ssl/Alert$Level
Event: 1531.982 Loading class sun/security/ssl/Alert$Level done
Event: 1532.003 Loading class sun/net/ConnectionResetException
Event: 1532.006 Loading class sun/net/ConnectionResetException done

Classes unloaded (0 events):
No events

Classes redefined (0 events):
No events

Internal exceptions (20 events):
Event: 13.268 Thread 0x000001ba411c6e30 Exception <a 'java/lang/NoSuchMethodError'{0x0000000085e48ab0}: 'int java.lang.invoke.DirectMethodHandle$Holder.invokeStaticInit(java.lang.Object, java.lang.Object, java.lang.Object, java.lang.Object)'> (0x0000000085e48ab0) 
thrown [s\open\src\hotspot\share\interpreter\linkResolver.cpp, line 805]
Event: 13.379 Thread 0x000001ba411c6e30 Exception <a 'java/lang/IncompatibleClassChangeError'{0x0000000085c5dc08}: Found class java.lang.Object, but interface was expected> (0x0000000085c5dc08) 
thrown [s\open\src\hotspot\share\interpreter\linkResolver.cpp, line 872]
Event: 13.418 Thread 0x000001ba411c6e30 Implicit null exception at 0x000001ba51789840 to 0x000001ba5178af5c
Event: 13.418 Thread 0x000001ba411c6e30 Implicit null exception at 0x000001ba5162e0a4 to 0x000001ba5162e1a4
Event: 13.524 Thread 0x000001ba411c6e30 Exception <a 'java/lang/NoSuchMethodError'{0x00000000859d7cc0}: 'java.lang.Object java.lang.invoke.DirectMethodHandle$Holder.newInvokeSpecial(java.lang.Object, java.lang.Object, int, java.lang.Object, java.lang.Object)'> (0x00000000859d7cc0) 
thrown [s\open\src\hotspot\share\interpreter\linkResolver.cpp, line 805]
Event: 80.177 Thread 0x000001baa6e17540 Exception <a 'java/lang/NoSuchMethodError'{0x000000008b505dd0}: 'java.lang.Object java.lang.invoke.DirectMethodHandle$Holder.invokeStatic(java.lang.Object, java.lang.Object, java.lang.Object, int, int)'> (0x000000008b505dd0) 
thrown [s\open\src\hotspot\share\interpreter\linkResolver.cpp, line 805]
Event: 80.177 Thread 0x000001baa6e17540 Exception <a 'java/lang/NoSuchMethodError'{0x000000008b50dd20}: 'java.lang.Object java.lang.invoke.DirectMethodHandle$Holder.invokeStaticInit(java.lang.Object, java.lang.Object, java.lang.Object, int, int)'> (0x000000008b50dd20) 
thrown [s\open\src\hotspot\share\interpreter\linkResolver.cpp, line 805]
Event: 80.239 Thread 0x000001baa5201b20 Exception <a 'java/lang/NoSuchMethodError'{0x0000000088e10170}: 'java.lang.Object java.lang.invoke.DirectMethodHandle$Holder.invokeSpecial(java.lang.Object, java.lang.Object, java.lang.Object, java.lang.Object, java.lang.Object, long)'> (0x0000000088e10170) 
thrown [s\open\src\hotspot\share\interpreter\linkResolver.cpp, line 805]
Event: 80.239 Thread 0x000001baa5201b20 Exception <a 'java/lang/NoSuchMethodError'{0x0000000088e2f230}: 'java.lang.Object java.lang.invoke.DirectMethodHandle$Holder.invokeSpecial(java.lang.Object, java.lang.Object, java.lang.Object, java.lang.Object, java.lang.Object, java.lang.Object, long)'> (0x0000000088e2f230) 
thrown [s\open\src\hotspot\share\interpreter\linkResolver.cpp, line 805]
Event: 80.240 Thread 0x000001baa5201b20 Exception <a 'java/lang/NoSuchMethodError'{0x0000000088e37598}: 'java.lang.Object java.lang.invoke.DelegatingMethodHandle$Holder.reinvoke_L(java.lang.Object, java.lang.Object, java.lang.Object, java.lang.Object, java.lang.Object, long)'> (0x0000000088e37598) 
thrown [s\open\src\hotspot\share\interpreter\linkResolver.cpp, line 805]
Event: 80.241 Thread 0x000001baa5201b20 Exception <a 'java/lang/NoSuchMethodError'{0x0000000088e43898}: 'java.lang.Object java.lang.invoke.Invokers$Holder.linkToTargetMethod(java.lang.Object, java.lang.Object, java.lang.Object, long, java.lang.Object)'> (0x0000000088e43898) 
thrown [s\open\src\hotspot\share\interpreter\linkResolver.cpp, line 805]
Event: 80.361 Thread 0x000001baa52013d0 Exception <a 'java/lang/NoSuchMethodError'{0x00000000fffb3538}: 'int java.lang.invoke.DirectMethodHandle$Holder.invokeVirtual(java.lang.Object, java.lang.Object, java.lang.Object)'> (0x00000000fffb3538) 
thrown [s\open\src\hotspot\share\interpreter\linkResolver.cpp, line 805]
Event: 80.372 Thread 0x000001baa52013d0 Exception <a 'java/lang/NoSuchMethodError'{0x00000000fffdc910}: 'java.lang.Object java.lang.invoke.DirectMethodHandle$Holder.invokeStatic(java.lang.Object, int, int)'> (0x00000000fffdc910) 
thrown [s\open\src\hotspot\share\interpreter\linkResolver.cpp, line 805]
Event: 80.515 Thread 0x000001baa52013d0 Exception <a 'java/io/IOException'{0x0000000088e91d50}> (0x0000000088e91d50) 
thrown [s\open\src\hotspot\share\prims\jni.cpp, line 518]
Event: 80.625 Thread 0x000001baa52013d0 Implicit null exception at 0x000001ba51775d58 to 0x000001ba5177611c
Event: 548.773 Thread 0x000001baa6e183e0 Exception <a 'java/io/IOException'{0x000000008694c9f8}> (0x000000008694c9f8) 
thrown [s\open\src\hotspot\share\prims\jni.cpp, line 518]
Event: 1531.985 Thread 0x000001baa76302b0 Exception <a 'java/io/IOException'{0x00000000869cb3d8}> (0x00000000869cb3d8) 
thrown [s\open\src\hotspot\share\prims\jni.cpp, line 518]
Event: 1532.003 Thread 0x000001baa76302b0 Exception <a 'java/io/IOException'{0x00000000869cc838}> (0x00000000869cc838) 
thrown [s\open\src\hotspot\share\prims\jni.cpp, line 518]
Event: 1532.092 Thread 0x000001baa76302b0 Exception <a 'java/io/IOException'{0x00000000869d70d0}> (0x00000000869d70d0) 
thrown [s\open\src\hotspot\share\prims\jni.cpp, line 518]
Event: 1532.092 Thread 0x000001baa76302b0 Exception <a 'java/io/IOException'{0x00000000869d7d38}> (0x00000000869d7d38) 
thrown [s\open\src\hotspot\share\prims\jni.cpp, line 518]

VM Operations (20 events):
Event: 60.172 Executing VM operation: RendezvousGCThreads
Event: 60.172 Executing VM operation: RendezvousGCThreads done
Event: 80.270 Executing VM operation: HandshakeAllThreads (Deoptimize)
Event: 80.270 Executing VM operation: HandshakeAllThreads (Deoptimize) done
Event: 80.283 Executing VM operation: CollectForMetadataAllocation (Metadata GC Threshold)
Event: 80.290 Executing VM operation: CollectForMetadataAllocation (Metadata GC Threshold) done
Event: 80.342 Executing VM operation: G1PauseRemark
Event: 80.349 Executing VM operation: G1PauseRemark done
Event: 80.352 Executing VM operation: HandshakeAllThreads (Deoptimize)
Event: 80.353 Executing VM operation: HandshakeAllThreads (Deoptimize) done
Event: 80.377 Executing VM operation: G1PauseCleanup
Event: 80.377 Executing VM operation: G1PauseCleanup done
Event: 80.595 Executing VM operation: HandshakeAllThreads (Deoptimize)
Event: 80.595 Executing VM operation: HandshakeAllThreads (Deoptimize) done
Event: 80.733 Executing VM operation: HandshakeAllThreads (Deoptimize)
Event: 80.734 Executing VM operation: HandshakeAllThreads (Deoptimize) done
Event: 120.358 Executing VM operation: HandshakeAllThreads (HandshakeForDeflation)
Event: 120.358 Executing VM operation: HandshakeAllThreads (HandshakeForDeflation) done
Event: 120.358 Executing VM operation: RendezvousGCThreads
Event: 120.358 Executing VM operation: RendezvousGCThreads done

Memory protections (0 events):
No events

Nmethod flushes (20 events):
Event: 80.347 Thread 0x000001ba5ded3e60 flushing  nmethod 0x000001ba49ecc288
Event: 80.347 Thread 0x000001ba5ded3e60 flushing  nmethod 0x000001ba49f8ad88
Event: 80.347 Thread 0x000001ba5ded3e60 flushing  nmethod 0x000001ba49f8d288
Event: 80.347 Thread 0x000001ba5ded3e60 flushing  nmethod 0x000001ba49fbd388
Event: 80.347 Thread 0x000001ba5ded3e60 flushing  nmethod 0x000001ba49fc5e08
Event: 80.347 Thread 0x000001ba5ded3e60 flushing  nmethod 0x000001ba49fc6588
Event: 80.347 Thread 0x000001ba5ded3e60 flushing  nmethod 0x000001ba4a020208
Event: 80.347 Thread 0x000001ba5ded3e60 flushing  nmethod 0x000001ba4a171e08
Event: 80.347 Thread 0x000001ba5ded3e60 flushing  nmethod 0x000001ba4a1b0508
Event: 80.347 Thread 0x000001ba5ded3e60 flushing  nmethod 0x000001ba4a1b0888
Event: 80.347 Thread 0x000001ba5ded3e60 flushing  nmethod 0x000001ba4a1b0b88
Event: 80.347 Thread 0x000001ba5ded3e60 flushing  nmethod 0x000001ba49eeaf08
Event: 80.347 Thread 0x000001ba5ded3e60 flushing  nmethod 0x000001ba49fb3a88
Event: 80.347 Thread 0x000001ba5ded3e60 flushing  nmethod 0x000001ba49fb4188
Event: 80.347 Thread 0x000001ba5ded3e60 flushing  nmethod 0x000001ba49fbbc08
Event: 80.347 Thread 0x000001ba5ded3e60 flushing  nmethod 0x000001ba4a01ba08
Event: 80.347 Thread 0x000001ba5ded3e60 flushing  nmethod 0x000001ba4a072008
Event: 80.347 Thread 0x000001ba5ded3e60 flushing  nmethod 0x000001ba4a07d988
Event: 80.347 Thread 0x000001ba5ded3e60 flushing  nmethod 0x000001ba4a12ff08
Event: 80.347 Thread 0x000001ba5ded3e60 flushing  nmethod 0x000001ba4a130808

Events (20 events):
Event: 13.546 Thread 0x000001ba411c6e30 Thread added: 0x000001baa5201b20
Event: 13.546 Thread 0x000001ba411c6e30 Thread added: 0x000001baa52029c0
Event: 13.546 Thread 0x000001ba411c6e30 Thread added: 0x000001baa5203110
Event: 13.547 Thread 0x000001ba411c6e30 Thread added: 0x000001baa6e183e0
Event: 13.547 Thread 0x000001ba411c6e30 Thread added: 0x000001baa6e18b30
Event: 13.547 Thread 0x000001ba411c6e30 Thread added: 0x000001baa6e1a120
Event: 13.547 Thread 0x000001ba411c6e30 Thread added: 0x000001baa6e17c90
Event: 13.547 Thread 0x000001ba411c6e30 Thread added: 0x000001baa6e199d0
Event: 13.547 Thread 0x000001ba411c6e30 Thread added: 0x000001baa6e19280
Event: 13.584 Thread 0x000001ba411c6e30 Thread added: 0x000001baa6e16df0
Event: 13.586 Thread 0x000001ba411c6e30 Thread added: 0x000001baa6e17540
Event: 13.621 Thread 0x000001ba411c6e30 Thread exited: 0x000001ba411c6e30
Event: 13.621 Thread 0x000001baa762fb60 Thread added: 0x000001baa762fb60
Event: 16.768 Thread 0x000001baa51ffde0 Thread exited: 0x000001baa51ffde0
Event: 18.649 Thread 0x000001baa4120160 Thread exited: 0x000001baa4120160
Event: 18.931 Thread 0x000001baa4121810 Thread exited: 0x000001baa4121810
Event: 80.361 Thread 0x000001ba5df0a8f0 Thread added: 0x000001baa4120160
Event: 84.588 Thread 0x000001baa4120160 Thread exited: 0x000001baa4120160
Event: 1531.062 Thread 0x000001baa5202270 Thread added: 0x000001baa76302b0
Event: 1532.057 Thread 0x000001baa76302b0 Thread added: 0x000001baa7632e90


Dynamic libraries:
0x00007ff77b680000 - 0x00007ff77b690000 	C:\Program Files\Java\jdk-24\bin\javaw.exe
0x00007ffbbbd60000 - 0x00007ffbbbfc7000 	C:\WINDOWS\SYSTEM32\ntdll.dll
0x00007ffbbb0f0000 - 0x00007ffbbb1b9000 	C:\WINDOWS\System32\KERNEL32.DLL
0x00007ffbb8710000 - 0x00007ffbb8b04000 	C:\WINDOWS\System32\KERNELBASE.dll
0x00007ffbb5b50000 - 0x00007ffbb5bef000 	C:\WINDOWS\SYSTEM32\apphelp.dll
0x00007ffbb99a0000 - 0x00007ffbb9aeb000 	C:\WINDOWS\System32\ucrtbase.dll
0x00007ffbac650000 - 0x00007ffbac666000 	C:\Program Files\Java\jdk-24\bin\jli.dll
0x00007ffb9c150000 - 0x00007ffb9c16b000 	C:\Program Files\Java\jdk-24\bin\VCRUNTIME140.dll
0x00007ffbb9af0000 - 0x00007ffbb9cb5000 	C:\WINDOWS\System32\USER32.dll
0x00007ffba0ec0000 - 0x00007ffba1153000 	C:\WINDOWS\WinSxS\amd64_microsoft.windows.common-controls_6595b64144ccf1df_6.0.26100.8115_none_3e075c82e3354f9c\COMCTL32.dll
0x00007ffbb8630000 - 0x00007ffbb8657000 	C:\WINDOWS\System32\win32u.dll
0x00007ffbb9cf0000 - 0x00007ffbb9d99000 	C:\WINDOWS\System32\msvcrt.dll
0x00007ffbba980000 - 0x00007ffbba9ab000 	C:\WINDOWS\System32\GDI32.dll
0x00007ffbb8b10000 - 0x00007ffbb8c3b000 	C:\WINDOWS\System32\gdi32full.dll
0x00007ffbb8660000 - 0x00007ffbb8703000 	C:\WINDOWS\System32\msvcp_win.dll
0x00007ffbba7a0000 - 0x00007ffbba7d2000 	C:\WINDOWS\System32\IMM32.DLL
0x00007ffb9c3f0000 - 0x00007ffb9c3fc000 	C:\Program Files\Java\jdk-24\bin\vcruntime140_1.dll
0x00007ffb6ff10000 - 0x00007ffb6ff9e000 	C:\Program Files\Java\jdk-24\bin\msvcp140.dll
0x00007ffb1af40000 - 0x00007ffb1bce1000 	C:\Program Files\Java\jdk-24\bin\server\jvm.dll
0x00007ffbbb8b0000 - 0x00007ffbbb966000 	C:\WINDOWS\System32\ADVAPI32.dll
0x00007ffbb9da0000 - 0x00007ffbb9e47000 	C:\WINDOWS\System32\sechost.dll
0x00007ffbbae50000 - 0x00007ffbbaf68000 	C:\WINDOWS\System32\RPCRT4.dll
0x00007ffbbba40000 - 0x00007ffbbbac0000 	C:\WINDOWS\System32\WS2_32.dll
0x00007ffbb8490000 - 0x00007ffbb84ee000 	C:\WINDOWS\SYSTEM32\POWRPROF.dll
0x00007ffb9b100000 - 0x00007ffb9b136000 	C:\WINDOWS\SYSTEM32\WINMM.dll
0x00007ffbaaab0000 - 0x00007ffbaaabb000 	C:\WINDOWS\SYSTEM32\VERSION.dll
0x00007ffbb8470000 - 0x00007ffbb8484000 	C:\WINDOWS\SYSTEM32\UMPDC.dll
0x00007ffbb73c0000 - 0x00007ffbb73db000 	C:\WINDOWS\SYSTEM32\kernel.appcore.dll
0x00007ffb9c370000 - 0x00007ffb9c37a000 	C:\Program Files\Java\jdk-24\bin\jimage.dll
0x00007ffbb6230000 - 0x00007ffbb6472000 	C:\WINDOWS\SYSTEM32\DBGHELP.DLL
0x00007ffbbb3b0000 - 0x00007ffbbb732000 	C:\WINDOWS\System32\combase.dll
0x00007ffbb9e50000 - 0x00007ffbb9f28000 	C:\WINDOWS\System32\OLEAUT32.dll
0x00007ffb95450000 - 0x00007ffb9548b000 	C:\WINDOWS\SYSTEM32\dbgcore.DLL
0x00007ffbb8f30000 - 0x00007ffbb8fd5000 	C:\WINDOWS\System32\bcryptPrimitives.dll
0x00007ffb9c130000 - 0x00007ffb9c14e000 	C:\Program Files\Java\jdk-24\bin\java.dll
0x00007ffbba7e0000 - 0x00007ffbba977000 	C:\WINDOWS\System32\ole32.dll
0x00007ffbb9f30000 - 0x00007ffbba697000 	C:\WINDOWS\System32\SHELL32.dll
0x00007ffbb8dc0000 - 0x00007ffbb8f2a000 	C:\WINDOWS\System32\wintypes.dll
0x00007ffbb9130000 - 0x00007ffbb9998000 	C:\WINDOWS\System32\windows.storage.dll
0x00007ffbbb740000 - 0x00007ffbbb838000 	C:\WINDOWS\System32\SHCORE.dll
0x00007ffbbbb20000 - 0x00007ffbbbb86000 	C:\WINDOWS\System32\shlwapi.dll
0x00007ffbb8550000 - 0x00007ffbb8579000 	C:\WINDOWS\SYSTEM32\profapi.dll
0x00007ffb6d250000 - 0x00007ffb6d327000 	C:\Program Files\Java\jdk-24\bin\jsvml.dll
0x00007ffb9c120000 - 0x00007ffb9c130000 	C:\Program Files\Java\jdk-24\bin\net.dll
0x00007ffbb7930000 - 0x00007ffbb799c000 	C:\WINDOWS\system32\mswsock.dll
0x00007ffb9c100000 - 0x00007ffb9c116000 	C:\Program Files\Java\jdk-24\bin\nio.dll
0x00007ffb9c0e0000 - 0x00007ffb9c0f7000 	C:\Program Files\Java\jdk-24\bin\zip.dll
0x00007ffb9a220000 - 0x00007ffb9a22e000 	C:\Program Files\Java\jdk-24\bin\sunmscapi.dll
0x00007ffbb8c40000 - 0x00007ffbb8db7000 	C:\WINDOWS\System32\CRYPT32.dll
0x00007ffbb7e30000 - 0x00007ffbb7e60000 	C:\WINDOWS\SYSTEM32\ncrypt.dll
0x00007ffbb7de0000 - 0x00007ffbb7e1f000 	C:\WINDOWS\SYSTEM32\NTASN1.dll
0x00007ffbb7c10000 - 0x00007ffbb7c2b000 	C:\WINDOWS\SYSTEM32\CRYPTSP.dll
0x00007ffbb7320000 - 0x00007ffbb7359000 	C:\WINDOWS\system32\rsaenh.dll
0x00007ffbb79e0000 - 0x00007ffbb7a13000 	C:\WINDOWS\SYSTEM32\USERENV.dll
0x00007ffbb8520000 - 0x00007ffbb854a000 	C:\WINDOWS\SYSTEM32\bcrypt.dll
0x00007ffbb7c30000 - 0x00007ffbb7c3c000 	C:\WINDOWS\SYSTEM32\CRYPTBASE.dll
0x00007ffbb6e10000 - 0x00007ffbb6e42000 	C:\WINDOWS\SYSTEM32\IPHLPAPI.DLL
0x00007ffbbba30000 - 0x00007ffbbba3a000 	C:\WINDOWS\System32\NSI.dll
0x00007ffb9a210000 - 0x00007ffb9a21a000 	C:\Program Files\Java\jdk-24\bin\management.dll
0x00007ffb9a200000 - 0x00007ffb9a20b000 	C:\Program Files\Java\jdk-24\bin\management_ext.dll
0x00007ffbbb840000 - 0x00007ffbbb848000 	C:\WINDOWS\System32\PSAPI.DLL
0x00007ffbb6eb0000 - 0x00007ffbb6fe2000 	C:\WINDOWS\SYSTEM32\DNSAPI.dll
0x00007ffbac290000 - 0x00007ffbac29b000 	C:\Windows\System32\rasadhlp.dll
0x00007ffbb23e0000 - 0x00007ffbb2466000 	C:\WINDOWS\System32\fwpuclnt.dll
0x00007ffb9a1f0000 - 0x00007ffb9a1f9000 	C:\Program Files\Java\jdk-24\bin\extnet.dll
0x00007ffb4d5d0000 - 0x00007ffb4d5d8000 	C:\WINDOWS\system32\wshunix.dll

JVMTI agents: none

dbghelp: loaded successfully - version: 4.0.5 - missing functions: none
symbol engine: initialized successfully - sym options: 0x614 - pdb path: .;C:\Program Files\Java\jdk-24\bin;C:\WINDOWS\SYSTEM32;C:\WINDOWS\WinSxS\amd64_microsoft.windows.common-controls_6595b64144ccf1df_6.0.26100.8115_none_3e075c82e3354f9c;C:\Program Files\Java\jdk-24\bin\server

VM Arguments:
jvm_args: -Dfile.encoding=UTF-8 -Dstdout.encoding=UTF-8 -Dstderr.encoding=UTF-8 -XX:+ShowCodeDetailsInExceptionMessages 
java_command: com.klef.fsad.exam.demo.DemoApplication
java_class_path (initial): D:\Admin\Downloads\demo (3)\demo\target\classes;C:\Users\Admin\.m2\repository\org\springframework\boot\spring-boot-starter-data-jpa\4.0.6\spring-boot-starter-data-jpa-4.0.6.jar;C:\Users\Admin\.m2\repository\org\springframework\boot\spring-boot-starter\4.0.6\spring-boot-starter-4.0.6.jar;C:\Users\Admin\.m2\repository\org\springframework\boot\spring-boot-starter-logging\4.0.6\spring-boot-starter-logging-4.0.6.jar;C:\Users\Admin\.m2\repository\ch\qos\logback\logback-classic\1.5.32\logback-classic-1.5.32.jar;C:\Users\Admin\.m2\repository\ch\qos\logback\logback-core\1.5.32\logback-core-1.5.32.jar;C:\Users\Admin\.m2\repository\org\apache\logging\log4j\log4j-to-slf4j\2.25.4\log4j-to-slf4j-2.25.4.jar;C:\Users\Admin\.m2\repository\org\apache\logging\log4j\log4j-api\2.25.4\log4j-api-2.25.4.jar;C:\Users\Admin\.m2\repository\org\slf4j\jul-to-slf4j\2.0.17\jul-to-slf4j-2.0.17.jar;C:\Users\Admin\.m2\repository\org\springframework\boot\spring-boot-autoconfigure\4.0.6\spring-boot-autoconfigure-4.0.6.jar;C:\Users\Admin\.m2\repository\jakarta\annotation\jakarta.annotation-api\3.0.0\jakarta.annotation-api-3.0.0.jar;C:\Users\Admin\.m2\repository\org\yaml\snakeyaml\2.5\snakeyaml-2.5.jar;C:\Users\Admin\.m2\repository\org\springframework\boot\spring-boot-starter-jdbc\4.0.6\spring-boot-starter-jdbc-4.0.6.jar;C:\Users\Admin\.m2\repository\com\zaxxer\HikariCP\7.0.2\HikariCP-7.0.2.jar;C:\Users\Admin\.m2\repository\org\slf4j\slf4j-api\2.0.17\slf4j-api-2.0.17.jar;C:\Users\Admin\.m2\repository\org\springframework\boot\spring-boot-data-jpa\4.0.6\spring-boot-data-jpa-4.0.6.jar;C:\Users\Admin\.m2\repository\org\springframework\boot\spring-boot-data-commons\4.0.6\spring-boot-data-commons-4.0.6.jar;C:\Users\Admin\.m2\repository\org\springframework\boot\spring-boot-persistence\4.0.6\spring-boot-persistence-4.0.6.jar;C:\Users\Admin\.m2\repository\org\springframework\data\spring-data-commons\4.0.5\spring-data-commons-4.0.5.jar;C:\Users\Admin\.m2\repository\org\springframework\boot\spring-boot-hibernate\4.0.6\spring-boot-hibernate-4.0.6.jar;C:\Users\Admin\.m2\repository\org\springframework\boot\spring-boot-jpa\4.0.6\spring-boot-jpa-4.0.6.jar;C:\Users\Admin\.m2\repository\jakarta\persistence\jakarta.persistence-api\3.2.0\jakarta.persistence-api-3.2.0.jar;C:\Users\Admin\.m2\repository\org\hibernate\orm\hibernate-core\7.2.12.Final\hibernate-core-7.2.12.Final.jar;C:\Users\Admin\.m2\repository\jakarta\transaction\jakarta.transaction-api\2.0.1\jakarta.transaction-api-2.0.1.jar;C:\Users\Admin\.m2\repository\org\jboss\logging\jboss-logging\3.6.3.Final\jboss-logging-3.6.3.Final.jar;C:\Users\Admin\.m2\repository\org\hibernate\models\hibernate-models\1.0.1\hibernate-models-1.0.1.jar;C:\Users\Admin\.m2\repository\com\fasterxml\classmate\1.7.3\classmate-1.7.3.jar;C:\Users\Admin\.m2\repository\org\glassfish\jaxb\jaxb-runtime\4.0.6\jaxb-runtime-4.0.6.jar;C:\Users\Admin\.m2\repository\org\glassfish\jaxb\jaxb-core\4.0.6\jaxb-core-4.0.6.jar;C:\Users\Admin\.m2\repository\org\eclipse\angus\angus-activation\2.0.3\angus-activation-2.0.3.jar;C:\Users\Admin\.m2\repository\org\glassfish\jaxb\txw2\4.0.6\txw2-4.0.6.jar;C:\Users\Admin\.m2\repository\com\sun\istack\istack-commons-runtime\4.1.2\istack-commons-runtime-4.1.2.jar;C:\Users\Admin\.m2\repository\jakarta\inject\jakarta.inject-api\2.0.1\jakarta.inject-api-2.0.1.jar;C:\Users\Admin\.m2\repository\org\springframework\spring-orm\7.0.7\spring-orm-7.0.7.jar;C:\Users\Admin\.m2\repository\org\springframework\data\spring-data-jpa\4.0.5\spring-data-jpa-4.0.5.jar;C:\Users\Admin\.m2\repository\org\springframework\spring-context\7.0.7\spring-context-7.0.7.jar;C:\Users\Admin\.m2\repository\org\springframework\spring-aop\7.0.7\spring-aop-7.0.7.jar;C:\Users\Admin\.m2\repository\org\springframework\spring-tx\7.0.7\spring-tx-7.0.7.jar;C:\Users\Admin\.m2\repository\org\springframework\spring-beans\7.0.7\spring-beans-7.0.7.jar;C:\Users\Admin\.m2\repository\org\antlr\antlr4-runtime\4.13.2\antlr4-runtime-4.13.2.jar;C:\Users\Admin\.m2\repository\org\springframework\spring-aspects\7.0.7\spring-aspects-7.0.7.jar;C:\Users\Admin\.m2\repository\org\aspectj\aspectjweaver\1.9.25.1\aspectjweaver-1.9.25.1.jar;C:\Users\Admin\.m2\repository\org\springframework\boot\spring-boot-jdbc\4.0.6\spring-boot-jdbc-4.0.6.jar;C:\Users\Admin\.m2\repository\org\springframework\boot\spring-boot\4.0.6\spring-boot-4.0.6.jar;C:\Users\Admin\.m2\repository\org\springframework\boot\spring-boot-sql\4.0.6\spring-boot-sql-4.0.6.jar;C:\Users\Admin\.m2\repository\org\springframework\boot\spring-boot-transaction\4.0.6\spring-boot-transaction-4.0.6.jar;C:\Users\Admin\.m2\repository\org\springframework\spring-jdbc\7.0.7\spring-jdbc-7.0.7.jar;C:\Users\Admin\.m2\repository\org\springframework\boot\spring-boot-starter-webmvc\4.0.6\spring-boot-starter-webmvc-4.0.6.jar;C:\Users\Admin\.m2\repository\org\springframework\boot\spring-boot-starter-jackson\4.0.6\spring-boot-starter-jackson-4.0.6.jar;C:\Users\Admin\.m2\repository\org\springframework\boot\spring-boot-jackson\4.0.6\spring-boot-jackson-4.0.6.jar;C:\Users\Admin\.m2\repository\tools\jackson\core\jackson-databind\3.1.2\jackson-databind-3.1.2.jar;C:\Users\Admin\.m2\repository\com\fasterxml\jackson\core\jackson-annotations\2.21\jackson-annotations-2.21.jar;C:\Users\Admin\.m2\repository\tools\jackson\core\jackson-core\3.1.2\jackson-core-3.1.2.jar;C:\Users\Admin\.m2\repository\org\springframework\boot\spring-boot-starter-tomcat\4.0.6\spring-boot-starter-tomcat-4.0.6.jar;C:\Users\Admin\.m2\repository\org\springframework\boot\spring-boot-starter-tomcat-runtime\4.0.6\spring-boot-starter-tomcat-runtime-4.0.6.jar;C:\Users\Admin\.m2\repository\org\apache\tomcat\embed\tomcat-embed-core\11.0.21\tomcat-embed-core-11.0.21.jar;C:\Users\Admin\.m2\repository\org\apache\tomcat\embed\tomcat-embed-el\11.0.21\tomcat-embed-el-11.0.21.jar;C:\Users\Admin\.m2\repository\org\apache\tomcat\embed\tomcat-embed-websocket\11.0.21\tomcat-embed-websocket-11.0.21.jar;C:\Users\Admin\.m2\repository\org\springframework\boot\spring-boot-tomcat\4.0.6\spring-boot-tomcat-4.0.6.jar;C:\Users\Admin\.m2\repository\org\springframework\boot\spring-boot-http-converter\4.0.6\spring-boot-http-converter-4.0.6.jar;C:\Users\Admin\.m2\repository\org\springframework\spring-web\7.0.7\spring-web-7.0.7.jar;C:\Users\Admin\.m2\repository\io\micrometer\micrometer-observation\1.16.5\micrometer-observation-1.16.5.jar;C:\Users\Admin\.m2\repository\io\micrometer\micrometer-commons\1.16.5\micrometer-commons-1.16.5.jar;C:\Users\Admin\.m2\repository\org\springframework\boot\spring-boot-webmvc\4.0.6\spring-boot-webmvc-4.0.6.jar;C:\Users\Admin\.m2\repository\org\springframework\boot\spring-boot-servlet\4.0.6\spring-boot-servlet-4.0.6.jar;C:\Users\Admin\.m2\repository\org\springframework\spring-webmvc\7.0.7\spring-webmvc-7.0.7.jar;C:\Users\Admin\.m2\repository\org\springframework\spring-expression\7.0.7\spring-expression-7.0.7.jar;C:\Users\Admin\.m2\repository\com\mysql\mysql-connector-j\9.7.0\mysql-connector-j-9.7.0.jar;C:\Users\Admin\.m2\repository\org\projectlombok\lombok\1.18.46\lombok-1.18.46.jar;C:\Users\Admin\.m2\repository\jakarta\xml\bind\jakarta.xml.bind-api\4.0.4\jakarta.xml.bind-api-4.0.4.jar;C:\Users\Admin\.m2\repository\jakarta\activation\jakarta.activation-api\2.1.4\jakarta.activation-api-2.1.4.jar;C:\Users\Admin\.m2\repository\net\bytebuddy\byte-buddy\1.17.8\byte-buddy-1.17.8.jar;C:\Users\Admin\.m2\repository\org\springframework\spring-core\7.0.7\spring-core-7.0.7.jar;C:\Users\Admin\.m2\repository\commons-logging\commons-logging\1.3.6\commons-logging-1.3.6.jar;C:\Users\Admin\.m2\repository\org\jspecify\jspecify\1.0.0\jspecify-1.0.0.jar;C:\Users\Admin\.m2\repository\org\springframework\boot\spring-boot-web-server\4.0.6\spring-boot-web-server-4.0.6.jar
Launcher Type: SUN_STANDARD

[Global flags]
     intx CICompilerCount                          = 4                                         {product} {ergonomic}
     uint ConcGCThreads                            = 2                                         {product} {ergonomic}
     uint G1ConcRefinementThreads                  = 8                                         {product} {ergonomic}
   size_t G1HeapRegionSize                         = 1048576                                   {product} {ergonomic}
   size_t InitialHeapSize                          = 132120576                                 {product} {ergonomic}
   size_t MarkStackSize                            = 4194304                                   {product} {ergonomic}
   size_t MarkStackSizeMax                         = 536870912                                 {product} {ergonomic}
   size_t MaxHeapSize                              = 2088763392                                {product} {ergonomic}
   size_t MaxNewSize                               = 1253048320                                {product} {ergonomic}
   size_t MinHeapDeltaBytes                        = 1048576                                   {product} {ergonomic}
   size_t MinHeapSize                              = 8388608                                   {product} {ergonomic}
    uintx NonNMethodCodeHeapSize                   = 5832704                                {pd product} {ergonomic}
    uintx NonProfiledCodeHeapSize                  = 122945536                              {pd product} {ergonomic}
    uintx ProfiledCodeHeapSize                     = 122880000                              {pd product} {ergonomic}
    uintx ReservedCodeCacheSize                    = 251658240                              {pd product} {ergonomic}
     bool SegmentedCodeCache                       = true                                      {product} {ergonomic}
     bool ShowCodeDetailsInExceptionMessages       = true                                   {manageable} {command line}
   size_t SoftMaxHeapSize                          = 2088763392                             {manageable} {ergonomic}
     bool UseCompressedOops                        = true                           {product lp64_product} {ergonomic}
     bool UseG1GC                                  = true                                      {product} {ergonomic}
     bool UseLargePagesIndividualAllocation        = false                                  {pd product} {ergonomic}

Logging:
Log output configuration:
 #0: stdout all=warning uptime,level,tags foldmultilines=false
 #1: stderr all=off uptime,level,tags foldmultilines=false

Environment Variables:
JAVA_HOME=C:\Program Files\Java\jdk-24\bin
PATH=D:/sts-5.0.1.RELEASE//plugins/org.eclipse.justj.openjdk.hotspot.jre.full.win32.x86_64_25.0.1.v20251108-1451/jre/bin/server;D:/sts-5.0.1.RELEASE//plugins/org.eclipse.justj.openjdk.hotspot.jre.full.win32.x86_64_25.0.1.v20251108-1451/jre/bin;C:\Program Files\Common Files\Oracle\Java\javapath;C:\WINDOWS\system32;C:\WINDOWS;C:\WINDOWS\System32\Wbem;C:\WINDOWS\System32\WindowsPowerShell\v1.0\;C:\WINDOWS\System32\OpenSSH\;C:\Users\Admin\Downloads\jdk-24_windows-x64_bin\jdk-24.0.2;C:\Users\Admin\Downloads\jdk-24_windows-x64_bin.zip\jdk-24.0.2\bin;C:\Users\Admin\Downloads\jdk-24_windows-x64_bin (1).zip\jdk-24.0.2\bin;C:\Program Files\Git\cmd;C:\Program Files\nodejs\;C:\Program Files\MySQL\MySQL Shell 8.0\bin\;C:\Users\Admin\AppData\Local\Programs\Python\Python313\Scripts\;C:\Users\Admin\AppData\Local\Programs\Python\Python313\;C:\Users\Admin\AppData\Local\Programs\Python\Launcher\;C:\Users\Admin\AppData\Local\Microsoft\WindowsApps;C:\Users\Admin\AppData\Local\Programs\Microsoft VS Code\bin;C:\Users\Admin\Downloads\jdk-24_windows-x64_bin.zip\jdk-24.0.2\bin;C:\Users\Admin\AppData\Local\JetBrains\Toolbox\scripts;;C:\Users\Admin\AppData\Local\Microsoft\WindowsApps;C:\Users\Admin\AppData\Roaming\npm;D:\sts-5.0.1.RELEASE;
USERNAME=Admin
OS=Windows_NT
PROCESSOR_IDENTIFIER=Intel64 Family 6 Model 142 Stepping 12, GenuineIntel
TMP=C:\Users\Admin\AppData\Local\Temp
TEMP=C:\Users\Admin\AppData\Local\Temp




Periodic native trim disabled

---------------  S Y S T E M  ---------------

OS:
 Windows 11 , 64 bit Build 26100 (10.0.26100.8246)
OS uptime: 0 days 2:05 hours

CPU: total 8 (initial active 8) (4 cores per cpu, 2 threads per core) family 6 model 142 stepping 12 microcode 0xf0, cx8, cmov, fxsr, ht, mmx, 3dnowpref, sse, sse2, sse3, ssse3, sse4.1, sse4.2, popcnt, lzcnt, tsc, tscinvbit, avx, avx2, aes, erms, clmul, bmi1, bmi2, adx, fma, vzeroupper, clflush, clflushopt, rdtscp, f16c
Processor Information for the first 8 processors :
  Max Mhz: 2208, Current Mhz: 1706, Mhz Limit: 1700

Memory: 4k page, system-wide physical 7965M (1150M free)
TotalPageFile size 11852M (AvailPageFile size 0M)
current process WorkingSet (physical memory assigned to process): 78M, peak: 254M
current process commit charge ("private bytes"): 250M, peak: 301M

vm_info: Java HotSpot(TM) 64-Bit Server VM (24.0.2+12-54) for windows-amd64 JRE (24.0.2+12-54), built on 2025-07-08T12:10:27Z with MS VC++ 17.6 (VS2022)

END.
